Archive member included to satisfy reference by file (symbol)

C:/ST/STM32CubeIDE_1.16.0/STM32CubeIDE/plugins/com.st.stm32cube.ide.mcu.externaltools.gnu-tools-for-stm32.12.3.rel1.win32_1.0.200.202406191623/tools/bin/../lib/gcc/arm-none-eabi/12.3.1/../../../../arm-none-eabi/lib/thumb/v6-m/nofp\libc_nano.a(libc_a-exit.o)
                              C:/ST/STM32CubeIDE_1.16.0/STM32CubeIDE/plugins/com.st.stm32cube.ide.mcu.externaltools.gnu-tools-for-stm32.12.3.rel1.win32_1.0.200.202406191623/tools/bin/../lib/gcc/arm-none-eabi/12.3.1/../../../../arm-none-eabi/lib/thumb/v6-m/nofp/crt0.o (exit)
C:/ST/STM32CubeIDE_1.16.0/STM32CubeIDE/plugins/com.st.stm32cube.ide.mcu.externaltools.gnu-tools-for-stm32.12.3.rel1.win32_1.0.200.202406191623/tools/bin/../lib/gcc/arm-none-eabi/12.3.1/../../../../arm-none-eabi/lib/thumb/v6-m/nofp\libc_nano.a(libc_a-findfp.o)
                              C:/ST/STM32CubeIDE_1.16.0/STM32CubeIDE/plugins/com.st.stm32cube.ide.mcu.externaltools.gnu-tools-for-stm32.12.3.rel1.win32_1.0.200.202406191623/tools/bin/../lib/gcc/arm-none-eabi/12.3.1/../../../../arm-none-eabi/lib/thumb/v6-m/nofp\libc_nano.a(libc_a-exit.o) (__stdio_exit_handler)
C:/ST/STM32CubeIDE_1.16.0/STM32CubeIDE/plugins/com.st.stm32cube.ide.mcu.externaltools.gnu-tools-for-stm32.12.3.rel1.win32_1.0.200.202406191623/tools/bin/../lib/gcc/arm-none-eabi/12.3.1/../../../../arm-none-eabi/lib/thumb/v6-m/nofp\libc_nano.a(libc_a-fwalk.o)
                              C:/ST/STM32CubeIDE_1.16.0/STM32CubeIDE/plugins/com.st.stm32cube.ide.mcu.externaltools.gnu-tools-for-stm32.12.3.rel1.win32_1.0.200.202406191623/tools/bin/../lib/gcc/arm-none-eabi/12.3.1/../../../../arm-none-eabi/lib/thumb/v6-m/nofp\libc_nano.a(libc_a-findfp.o) (_fwalk_sglue)
C:/ST/STM32CubeIDE_1.16.0/STM32CubeIDE/plugins/com.st.stm32cube.ide.mcu.externaltools.gnu-tools-for-stm32.12.3.rel1.win32_1.0.200.202406191623/tools/bin/../lib/gcc/arm-none-eabi/12.3.1/../../../../arm-none-eabi/lib/thumb/v6-m/nofp\libc_nano.a(libc_a-stdio.o)
                              C:/ST/STM32CubeIDE_1.16.0/STM32CubeIDE/plugins/com.st.stm32cube.ide.mcu.externaltools.gnu-tools-for-stm32.12.3.rel1.win32_1.0.200.202406191623/tools/bin/../lib/gcc/arm-none-eabi/12.3.1/../../../../arm-none-eabi/lib/thumb/v6-m/nofp\libc_nano.a(libc_a-findfp.o) (__sread)
C:/ST/STM32CubeIDE_1.16.0/STM32CubeIDE/plugins/com.st.stm32cube.ide.mcu.externaltools.gnu-tools-for-stm32.12.3.rel1.win32_1.0.200.202406191623/tools/bin/../lib/gcc/arm-none-eabi/12.3.1/../../../../arm-none-eabi/lib/thumb/v6-m/nofp\libc_nano.a(libc_a-memset.o)
                              C:/ST/STM32CubeIDE_1.16.0/STM32CubeIDE/plugins/com.st.stm32cube.ide.mcu.externaltools.gnu-tools-for-stm32.12.3.rel1.win32_1.0.200.202406191623/tools/bin/../lib/gcc/arm-none-eabi/12.3.1/../../../../arm-none-eabi/lib/thumb/v6-m/nofp/crt0.o (memset)
C:/ST/STM32CubeIDE_1.16.0/STM32CubeIDE/plugins/com.st.stm32cube.ide.mcu.externaltools.gnu-tools-for-stm32.12.3.rel1.win32_1.0.200.202406191623/tools/bin/../lib/gcc/arm-none-eabi/12.3.1/../../../../arm-none-eabi/lib/thumb/v6-m/nofp\libc_nano.a(libc_a-closer.o)
                              C:/ST/STM32CubeIDE_1.16.0/STM32CubeIDE/plugins/com.st.stm32cube.ide.mcu.externaltools.gnu-tools-for-stm32.12.3.rel1.win32_1.0.200.202406191623/tools/bin/../lib/gcc/arm-none-eabi/12.3.1/../../../../arm-none-eabi/lib/thumb/v6-m/nofp\libc_nano.a(libc_a-stdio.o) (_close_r)
C:/ST/STM32CubeIDE_1.16.0/STM32CubeIDE/plugins/com.st.stm32cube.ide.mcu.externaltools.gnu-tools-for-stm32.12.3.rel1.win32_1.0.200.202406191623/tools/bin/../lib/gcc/arm-none-eabi/12.3.1/../../../../arm-none-eabi/lib/thumb/v6-m/nofp\libc_nano.a(libc_a-reent.o)
                              C:/ST/STM32CubeIDE_1.16.0/STM32CubeIDE/plugins/com.st.stm32cube.ide.mcu.externaltools.gnu-tools-for-stm32.12.3.rel1.win32_1.0.200.202406191623/tools/bin/../lib/gcc/arm-none-eabi/12.3.1/../../../../arm-none-eabi/lib/thumb/v6-m/nofp\libc_nano.a(libc_a-closer.o) (errno)
C:/ST/STM32CubeIDE_1.16.0/STM32CubeIDE/plugins/com.st.stm32cube.ide.mcu.externaltools.gnu-tools-for-stm32.12.3.rel1.win32_1.0.200.202406191623/tools/bin/../lib/gcc/arm-none-eabi/12.3.1/../../../../arm-none-eabi/lib/thumb/v6-m/nofp\libc_nano.a(libc_a-impure.o)
                              C:/ST/STM32CubeIDE_1.16.0/STM32CubeIDE/plugins/com.st.stm32cube.ide.mcu.externaltools.gnu-tools-for-stm32.12.3.rel1.win32_1.0.200.202406191623/tools/bin/../lib/gcc/arm-none-eabi/12.3.1/../../../../arm-none-eabi/lib/thumb/v6-m/nofp\libc_nano.a(libc_a-reent.o) (_impure_ptr)
C:/ST/STM32CubeIDE_1.16.0/STM32CubeIDE/plugins/com.st.stm32cube.ide.mcu.externaltools.gnu-tools-for-stm32.12.3.rel1.win32_1.0.200.202406191623/tools/bin/../lib/gcc/arm-none-eabi/12.3.1/../../../../arm-none-eabi/lib/thumb/v6-m/nofp\libc_nano.a(libc_a-lseekr.o)
[...]
Memory Configuration

Name             Origin             Length             Attributes
RAM              0x20000000         0x00004000         xrw
FLASH            0x08000000         0x00020000         xr
*default*        0x00000000         0xffffffff

Linker script and memory map

LOAD C:/ST/STM32CubeIDE_1.16.0/STM32CubeIDE/plugins/com.st.stm32cube.ide.mcu.externaltools.gnu-tools-for-stm32.12.3.rel1.win32_1.0.200.202406191623/tools/bin/../lib/gcc/arm-none-eabi/12.3.1/thumb/v6-m/nofp/crti.o
LOAD C:/ST/STM32CubeIDE_1.16.0/STM32CubeIDE/plugins/com.st.stm32cube.ide.mcu.externaltools.gnu-tools-for-stm32.12.3.rel1.win32_1.0.200.202406191623/tools/bin/../lib/gcc/arm-none-eabi/12.3.1/thumb/v6-m/nofp/crtbegin.o
LOAD C:/ST/STM32CubeIDE_1.16.0/STM32CubeIDE/plugins/com.st.stm32cube.ide.mcu.externaltools.gnu-tools-for-stm32.12.3.rel1.win32_1.0.200.202406191623/tools/bin/../lib/gcc/arm-none-eabi/12.3.1/../../../../arm-none-eabi/lib/thumb/v6-m/nofp/crt0.o
LOAD ./Core/Src/dma.o
LOAD ./Core/Src/gpio.o
LOAD ./Core/Src/main.o
LOAD ./Core/Src/stm32f0xx_hal_msp.o
LOAD ./Core/Src/stm32f0xx_it.o
LOAD ./Core/Src/syscalls.o
LOAD ./Core/Src/sysmem.o
LOAD ./Core/Src/system_stm32f0xx.o
LOAD ./Core/Src/tim.o
LOAD ./Core/Src/usart.o
LOAD ./Core/Startup/startup_stm32f072rbtx.o
LOAD ./Drivers/STM32F0xx_HAL_Driver/Src/stm32f0xx_hal.o
LOAD ./Drivers/STM32F0xx_HAL_Driver/Src/stm32f0xx_hal_cortex.o
LOAD ./Drivers/STM32F0xx_HAL_Driver/Src/stm32f0xx_hal_dma.o
LOAD ./Drivers/STM32F0xx_HAL_Driver/Src/stm32f0xx_hal_exti.o
LOAD ./Drivers/STM32F0xx_HAL_Driver/Src/stm32f0xx_hal_flash.o
LOAD ./Drivers/STM32F0xx_HAL_Driver/Src/stm32f0xx_hal_flash_ex.o
LOAD ./Drivers/STM32F0xx_HAL_Driver/Src/stm32f0xx_hal_gpio.o
LOAD ./Drivers/STM32F0xx_HAL_Driver/Src/stm32f0xx_hal_i2c.o
LOAD ./Drivers/STM32F0xx_HAL_Driver/Src/stm32f0xx_hal_i2c_ex.o
LOAD ./Drivers/STM32F0xx_HAL_Driver/Src/stm32f0xx_hal_pwr.o
LOAD ./Drivers/STM32F0xx_HAL_Driver/Src/stm32f0xx_hal_pwr_ex.o
LOAD ./Drivers/STM32F0xx_HAL_Driver/Src/stm32f0xx_hal_rcc.o
LOAD ./Drivers/STM32F0xx_HAL_Driver/Src/stm32f0xx_hal_rcc_ex.o
LOAD ./Drivers/STM32F0xx_HAL_Driver/Src/stm32f0xx_hal_tim.o
LOAD ./Drivers/STM32F0xx_HAL_Driver/Src/stm32f0xx_hal_tim_ex.o
LOAD ./Drivers/STM32F0xx_HAL_Driver/Src/stm32f0xx_hal_uart.o
LOAD ./Drivers/STM32F0xx_HAL_Driver/Src/stm32f0xx_hal_uart_ex.o
START GROUP
LOAD C:/ST/STM32CubeIDE_1.16.0/STM32CubeIDE/plugins/com.st.stm32cube.ide.mcu.externaltools.gnu-tools-for-stm32.12.3.rel1.win32_1.0.200.202406191623/tools/bin/../lib/gcc/arm-none-eabi/12.3.1/../../../../arm-none-eabi/lib/thumb/v6-m/nofp\libc_nano.a
LOAD C:/ST/STM32CubeIDE_1.16.0/STM32CubeIDE/plugins/com.st.stm32cube.ide.mcu.externaltools.gnu-tools-for-stm32.12.3.rel1.win32_1.0.200.202406191623/tools/bin/../lib/gcc/arm-none-eabi/12.3.1/../../../../arm-none-eabi/lib/thumb/v6-m/nofp\libm.a
END GROUP
START GROUP
LOAD C:/ST/STM32CubeIDE_1.16.0/STM32CubeIDE/plugins/com.st.stm32cube.ide.mcu.externaltools.gnu-tools-for-stm32.12.3.rel1.win32_1.0.200.202406191623/tools/bin/../lib/gcc/arm-none-eabi/12.3.1/thumb/v6-m/nofp\libgcc.a
LOAD C:/ST/STM32CubeIDE_1.16.0/STM32CubeIDE/plugins/com.st.stm32cube.ide.mcu.externaltools.gnu-tools-for-stm32.12.3.rel1.win32_1.0.200.202406191623/tools/bin/../lib/gcc/arm-none-eabi/12.3.1/../../../../arm-none-eabi/lib/thumb/v6-m/nofp\libc_nano.a
END GROUP
START GROUP
LOAD C:/ST/STM32CubeIDE_1.16.0/STM32CubeIDE/plugins/com.st.stm32cube.ide.mcu.externaltools.gnu-tools-for-stm32.12.3.rel1.win32_1.0.200.202406191623/tools/bin/../lib/gcc/arm-none-eabi/12.3.1/thumb/v6-m/nofp\libgcc.a
LOAD C:/ST/STM32CubeIDE_1.16.0/STM32CubeIDE/plugins/com.st.stm32cube.ide.mcu.externaltools.gnu-tools-for-stm32.12.3.rel1.win32_1.0.200.202406191623/tools/bin/../lib/gcc/arm-none-eabi/12.3.1/../../../../arm-none-eabi/lib/thumb/v6-m/nofp\libc_nano.a
LOAD C:/ST/STM32CubeIDE_1.16.0/STM32CubeIDE/plugins/com.st.stm32cube.ide.mcu.externaltools.gnu-tools-for-stm32.12.3.rel1.win32_1.0.200.202406191623/tools/bin/../lib/gcc/arm-none-eabi/12.3.1/../../../../arm-none-eabi/lib/thumb/v6-m/nofp\libnosys.a
END GROUP
START GROUP
LOAD C:/ST/STM32CubeIDE_1.16.0/STM32CubeIDE/plugins/com.st.stm32cube.ide.mcu.externaltools.gnu-tools-for-stm32.12.3.rel1.win32_1.0.200.202406191623/tools/bin/../lib/gcc/arm-none-eabi/12.3.1/thumb/v6-m/nofp\libgcc.a
LOAD C:/ST/STM32CubeIDE_1.16.0/STM32CubeIDE/plugins/com.st.stm32cube.ide.mcu.externaltools.gnu-tools-for-stm32.12.3.rel1.win32_1.0.200.202406191623/tools/bin/../lib/gcc/arm-none-eabi/12.3.1/../../../../arm-none-eabi/lib/thumb/v6-m/nofp\libc_nano.a
LOAD C:/ST/STM32CubeIDE_1.16.0/STM32CubeIDE/plugins/com.st.stm32cube.ide.mcu.externaltools.gnu-tools-for-stm32.12.3.rel1.win32_1.0.200.202406191623/tools/bin/../lib/gcc/arm-none-eabi/12.3.1/../../../../arm-none-eabi/lib/thumb/v6-m/nofp\libnosys.a
END GROUP
LOAD C:/ST/STM32CubeIDE_1.16.0/STM32CubeIDE/plugins/com.st.stm32cube.ide.mcu.externaltools.gnu-tools-for-stm32.12.3.rel1.win32_1.0.200.202406191623/tools/bin/../lib/gcc/arm-none-eabi/12.3.1/thumb/v6-m/nofp/crtend.o
LOAD C:/ST/STM32CubeIDE_1.16.0/STM32CubeIDE/plugins/com.st.stm32cube.ide.mcu.externaltools.gnu-tools-for-stm32.12.3.rel1.win32_1.0.200.202406191623/tools/bin/../lib/gcc/arm-none-eabi/12.3.1/thumb/v6-m/nofp/crtn.o
                0x20004000                        _estack = (ORIGIN (RAM) + LENGTH (RAM))
                0x00000200                        _Min_Heap_Size = 0x200
                0x00000400                        _Min_Stack_Size = 0x400

.isr_vector     0x08000000       0xc0
                0x08000000                        . = ALIGN (0x4)
 *(.isr_vector)
 .isr_vector    0x08000000       0xc0 ./Core/Startup/startup_stm32f072rbtx.o
                0x08000000                g_pfnVectors
                0x080000c0                        . = ALIGN (0x4)

.text           0x080000c0     0x4648
                0x080000c0                        . = ALIGN (0x4)
 *(.text)
 .text          0x080000c0       0x48 C:/ST/STM32CubeIDE_1.16.0/STM32CubeIDE/plugins/com.st.stm32cube.ide.mcu.externaltools.gnu-tools-for-stm32.12.3.rel1.win32_1.0.200.202406191623/tools/bin/../lib/gcc/arm-none-eabi/12.3.1/thumb/v6-m/nofp/crtbegin.o
 .text          0x08000108      0x114 C:/ST/STM32CubeIDE_1.16.0/STM32CubeIDE/plugins/com.st.stm32cube.ide.mcu.externaltools.gnu-tools-for-stm32.12.3.rel1.win32_1.0.200.202406191623/tools/bin/../lib/gcc/arm-none-eabi/12.3.1/thumb/v6-m/nofp\libgcc.a(_udivsi3.o)
                0x08000108                __aeabi_uidiv
                0x08000108                __udivsi3
                0x08000214                __aeabi_uidivmod
 .text          0x0800021c        0x4 C:/ST/STM32CubeIDE_1.16.0/STM32CubeIDE/plugins/com.st.stm32cube.ide.mcu.externaltools.gnu-tools-for-stm32.12.3.rel1.win32_1.0.200.202406191623/tools/bin/../lib/gcc/arm-none-eabi/12.3.1/thumb/v6-m/nofp\libgcc.a(_dvmd_tls.o)
                0x0800021c                __aeabi_idiv0
                0x0800021c                __aeabi_ldiv0
 *(.text*)
 .text.MX_DMA_Init
                0x08000220       0x3c ./Core/Src/dma.o
                0x08000220                MX_DMA_Init
 .text.MX_GPIO_Init
                0x0800025c       0xc8 ./Core/Src/gpio.o
                0x0800025c                MX_GPIO_Init
 .text.main     0x08000324       0xd8 ./Core/Src/main.o
                0x08000324                main
 .text.SystemClock_Config
                0x080003fc       0xa6 ./Core/Src/main.o
                0x080003fc                SystemClock_Config
 .text.Error_Handler
                0x080004a2        0xc ./Core/Src/main.o
                0x080004a2                Error_Handler
 *fill*         0x080004ae        0x2 
 .text.HAL_MspInit
                0x080004b0       0x48 ./Core/Src/stm32f0xx_hal_msp.o
                0x080004b0                HAL_MspInit
 .text.NMI_Handler
                0x080004f8        0x8 ./Core/Src/stm32f0xx_it.o
                0x080004f8                NMI_Handler
 .text.HardFault_Handler
                0x08000500        0x8 ./Core/Src/stm32f0xx_it.o
                0x08000500                HardFault_Handler
 .text.SVC_Handler
                0x08000508        0xa ./Core/Src/stm32f0xx_it.o
                0x08000508                SVC_Handler
 .text.PendSV_Handler
                0x08000512        0xa ./Core/Src/stm32f0xx_it.o
                0x08000512                PendSV_Handler
 .text.SysTick_Handler
                0x0800051c        0xe ./Core/Src/stm32f0xx_it.o
                0x0800051c                SysTick_Handler
 .text.EXTI0_1_IRQHandler
                0x0800052a       0x10 ./Core/Src/stm32f0xx_it.o
                0x0800052a                EXTI0_1_IRQHandler
 *fill*         0x0800053a        0x2 
 .text.DMA1_Channel2_3_IRQHandler
                0x0800053c       0x24 ./Core/Src/stm32f0xx_it.o
                0x0800053c                DMA1_Channel2_3_IRQHandler
 .text.TIM3_IRQHandler
                0x08000560       0x18 ./Core/Src/stm32f0xx_it.o
                0x08000560                TIM3_IRQHandler
 .text.TIM16_IRQHandler
                0x08000578       0x18 ./Core/Src/stm32f0xx_it.o
                0x08000578                TIM16_IRQHandler
 .text.USART1_IRQHandler
                0x08000590       0x18 ./Core/Src/stm32f0xx_it.o
                0x08000590                USART1_IRQHandler
 .text.SystemInit
                0x080005a8        0xa ./Core/Src/system_stm32f0xx.o
                0x080005a8                SystemInit
 *fill*         0x080005b2        0x2 
 .text.MX_TIM3_Init
                0x080005b4      0x100 ./Core/Src/tim.o
                0x080005b4                MX_TIM3_Init
 .text.MX_TIM16_Init
                0x080006b4       0x54 ./Core/Src/tim.o
                0x080006b4                MX_TIM16_Init
 .text.HAL_TIM_Base_MspInit
                0x08000708       0x88 ./Core/Src/tim.o
                0x08000708                HAL_TIM_Base_MspInit
 .text.HAL_TIM_MspPostInit
                0x08000790       0x80 ./Core/Src/tim.o
                0x08000790                HAL_TIM_MspPostInit
 .text.HAL_UART_RxCpltCallback
                0x08000810       0x34 ./Core/Src/usart.o
                0x08000810                HAL_UART_RxCpltCallback
 .text.HAL_UART_TxCpltCallback
                0x08000844       0x34 ./Core/Src/usart.o
                0x08000844                HAL_UART_TxCpltCallback
 .text.HAL_UART_RxHalfCpltCallback
                0x08000878       0x28 ./Core/Src/usart.o
                0x08000878                HAL_UART_RxHalfCpltCallback
 .text.HAL_UART_TxHalfCpltCallback
                0x080008a0       0x28 ./Core/Src/usart.o
                0x080008a0                HAL_UART_TxHalfCpltCallback
 .text.MX_USART1_UART_Init
                0x080008c8       0x60 ./Core/Src/usart.o
                0x080008c8                MX_USART1_UART_Init
 .text.HAL_UART_MspInit
                0x08000928      0x154 ./Core/Src/usart.o
                0x08000928                HAL_UART_MspInit
 .text.receive_data_from_uart_dma
                0x08000a7c       0xf8 ./Core/Src/usart.o
                0x08000a7c                receive_data_from_uart_dma
 .text.transmit_data_to_uart_dma
                0x08000b74       0xd0 ./Core/Src/usart.o
                0x08000b74                transmit_data_to_uart_dma
 .text.Reset_Handler
                0x08000c44       0x50 ./Core/Startup/startup_stm32f072rbtx.o
                0x08000c44                Reset_Handler
 .text.Default_Handler
                0x08000c94        0x2 ./Core/Startup/startup_stm32f072rbtx.o
                0x08000c94                TIM1_CC_IRQHandler
                0x08000c94                TSC_IRQHandler
                0x08000c94                ADC1_COMP_IRQHandler
                0x08000c94                I2C1_IRQHandler
                0x08000c94                RCC_CRS_IRQHandler
                0x08000c94                SPI1_IRQHandler
                0x08000c94                TIM6_DAC_IRQHandler
                0x08000c94                USART3_4_IRQHandler
                0x08000c94                EXTI2_3_IRQHandler
                0x08000c94                I2C2_IRQHandler
                0x08000c94                TIM17_IRQHandler
                0x08000c94                CEC_CAN_IRQHandler
                0x08000c94                RTC_IRQHandler
                0x08000c94                PVD_VDDIO2_IRQHandler
                0x08000c94                DMA1_Channel4_5_6_7_IRQHandler
                0x08000c94                EXTI4_15_IRQHandler
                0x08000c94                DMA1_Channel1_IRQHandler
                0x08000c94                Default_Handler
                0x08000c94                TIM14_IRQHandler
                0x08000c94                TIM7_IRQHandler
                0x08000c94                TIM15_IRQHandler
                0x08000c94                USB_IRQHandler
                0x08000c94                SPI2_IRQHandler
                0x08000c94                WWDG_IRQHandler
                0x08000c94                TIM2_IRQHandler
                0x08000c94                USART2_IRQHandler
                0x08000c94                FLASH_IRQHandler
                0x08000c94                TIM1_BRK_UP_TRG_COM_IRQHandler
 *fill*         0x08000c96        0x2 
 .text.HAL_Init
                0x08000c98       0x28 ./Drivers/STM32F0xx_HAL_Driver/Src/stm32f0xx_hal.o
                0x08000c98                HAL_Init
 .text.HAL_InitTick
                0x08000cc0       0x68 ./Drivers/STM32F0xx_HAL_Driver/Src/stm32f0xx_hal.o
                0x08000cc0                HAL_InitTick
 .text.HAL_IncTick
                0x08000d28       0x24 ./Drivers/STM32F0xx_HAL_Driver/Src/stm32f0xx_hal.o
                0x08000d28                HAL_IncTick
 .text.HAL_GetTick
                0x08000d4c       0x14 ./Drivers/STM32F0xx_HAL_Driver/Src/stm32f0xx_hal.o
                0x08000d4c                HAL_GetTick
 .text.HAL_Delay
                0x08000d60       0x48 ./Drivers/STM32F0xx_HAL_Driver/Src/stm32f0xx_hal.o
                0x08000d60                HAL_Delay
 .text.__NVIC_EnableIRQ
                0x08000da8       0x34 ./Drivers/STM32F0xx_HAL_Driver/Src/stm32f0xx_hal_cortex.o
 .text.__NVIC_SetPriority
                0x08000ddc       0xdc ./Drivers/STM32F0xx_HAL_Driver/Src/stm32f0xx_hal_cortex.o
 .text.SysTick_Config
                0x08000eb8       0x48 ./Drivers/STM32F0xx_HAL_Driver/Src/stm32f0xx_hal_cortex.o
 .text.HAL_NVIC_SetPriority
                0x08000f00       0x2a ./Drivers/STM32F0xx_HAL_Driver/Src/stm32f0xx_hal_cortex.o
                0x08000f00                HAL_NVIC_SetPriority
 .text.HAL_NVIC_EnableIRQ
                0x08000f2a       0x20 ./Drivers/STM32F0xx_HAL_Driver/Src/stm32f0xx_hal_cortex.o
                0x08000f2a                HAL_NVIC_EnableIRQ
 .text.HAL_SYSTICK_Config
                0x08000f4a       0x1a ./Drivers/STM32F0xx_HAL_Driver/Src/stm32f0xx_hal_cortex.o
                0x08000f4a                HAL_SYSTICK_Config
 .text.HAL_DMA_Init
                0x08000f64       0x90 ./Drivers/STM32F0xx_HAL_Driver/Src/stm32f0xx_hal_dma.o
                0x08000f64                HAL_DMA_Init
 .text.HAL_DMA_Start_IT
                0x08000ff4       0xcc ./Drivers/STM32F0xx_HAL_Driver/Src/stm32f0xx_hal_dma.o
                0x08000ff4                HAL_DMA_Start_IT
 .text.HAL_DMA_Abort
                0x080010c0       0x70 ./Drivers/STM32F0xx_HAL_Driver/Src/stm32f0xx_hal_dma.o
                0x080010c0                HAL_DMA_Abort
 .text.HAL_DMA_Abort_IT
                0x08001130       0x8a ./Drivers/STM32F0xx_HAL_Driver/Src/stm32f0xx_hal_dma.o
                0x08001130                HAL_DMA_Abort_IT
 .text.HAL_DMA_IRQHandler
                0x080011ba      0x144 ./Drivers/STM32F0xx_HAL_Driver/Src/stm32f0xx_hal_dma.o
                0x080011ba                HAL_DMA_IRQHandler
 .text.HAL_DMA_GetError
                0x080012fe       0x14 ./Drivers/STM32F0xx_HAL_Driver/Src/stm32f0xx_hal_dma.o
                0x080012fe                HAL_DMA_GetError
 .text.DMA_SetConfig
                0x08001312       0x58 ./Drivers/STM32F0xx_HAL_Driver/Src/stm32f0xx_hal_dma.o
 *fill*         0x0800136a        0x2 
 .text.DMA_CalcBaseAndBitshift
                0x0800136c       0x38 ./Drivers/STM32F0xx_HAL_Driver/Src/stm32f0xx_hal_dma.o
 .text.HAL_GPIO_Init
                0x080013a4      0x2f0 ./Drivers/STM32F0xx_HAL_Driver/Src/stm32f0xx_hal_gpio.o
                0x080013a4                HAL_GPIO_Init
 .text.HAL_GPIO_WritePin
                0x08001694       0x3a ./Drivers/STM32F0xx_HAL_Driver/Src/stm32f0xx_hal_gpio.o
                0x08001694                HAL_GPIO_WritePin
 *fill*         0x080016ce        0x2 
 .text.HAL_GPIO_EXTI_IRQHandler
                0x080016d0       0x38 ./Drivers/STM32F0xx_HAL_Driver/Src/stm32f0xx_hal_gpio.o
                0x080016d0                HAL_GPIO_EXTI_IRQHandler
 .text.HAL_GPIO_EXTI_Callback
                0x08001708       0x14 ./Drivers/STM32F0xx_HAL_Driver/Src/stm32f0xx_hal_gpio.o
                0x08001708                HAL_GPIO_EXTI_Callback
 .text.HAL_RCC_OscConfig
                0x0800171c      0x70c ./Drivers/STM32F0xx_HAL_Driver/Src/stm32f0xx_hal_rcc.o
                0x0800171c                HAL_RCC_OscConfig
 .text.HAL_RCC_ClockConfig
                0x08001e28      0x1b4 ./Drivers/STM32F0xx_HAL_Driver/Src/stm32f0xx_hal_rcc.o
                0x08001e28                HAL_RCC_ClockConfig
 .text.HAL_RCC_GetSysClockFreq
                0x08001fdc       0xe4 ./Drivers/STM32F0xx_HAL_Driver/Src/stm32f0xx_hal_rcc.o
                0x08001fdc                HAL_RCC_GetSysClockFreq
 .text.HAL_RCC_GetHCLKFreq
                0x080020c0       0x14 ./Drivers/STM32F0xx_HAL_Driver/Src/stm32f0xx_hal_rcc.o
                0x080020c0                HAL_RCC_GetHCLKFreq
 .text.HAL_RCC_GetPCLK1Freq
                0x080020d4       0x2c ./Drivers/STM32F0xx_HAL_Driver/Src/stm32f0xx_hal_rcc.o
                0x080020d4                HAL_RCC_GetPCLK1Freq
 .text.HAL_RCCEx_PeriphCLKConfig
                0x08002100      0x1fc ./Drivers/STM32F0xx_HAL_Driver/Src/stm32f0xx_hal_rcc_ex.o
                0x08002100                HAL_RCCEx_PeriphCLKConfig
 .text.HAL_TIM_Base_Init
                0x080022fc       0xa0 ./Drivers/STM32F0xx_HAL_Driver/Src/stm32f0xx_hal_tim.o
                0x080022fc                HAL_TIM_Base_Init
 .text.HAL_TIM_PWM_Init
                0x0800239c       0xa0 ./Drivers/STM32F0xx_HAL_Driver/Src/stm32f0xx_hal_tim.o
                0x0800239c                HAL_TIM_PWM_Init
 .text.HAL_TIM_PWM_MspInit
                0x0800243c       0x10 ./Drivers/STM32F0xx_HAL_Driver/Src/stm32f0xx_hal_tim.o
                0x0800243c                HAL_TIM_PWM_MspInit
 .text.HAL_TIM_IRQHandler
                0x0800244c      0x1dc ./Drivers/STM32F0xx_HAL_Driver/Src/stm32f0xx_hal_tim.o
                0x0800244c                HAL_TIM_IRQHandler
 .text.HAL_TIM_PWM_ConfigChannel
                0x08002628      0x18c ./Drivers/STM32F0xx_HAL_Driver/Src/stm32f0xx_hal_tim.o
                0x08002628                HAL_TIM_PWM_ConfigChannel
 .text.HAL_TIM_ConfigClockSource
                0x080027b4      0x1a8 ./Drivers/STM32F0xx_HAL_Driver/Src/stm32f0xx_hal_tim.o
                0x080027b4                HAL_TIM_ConfigClockSource
 .text.HAL_TIM_PeriodElapsedCallback
                0x0800295c       0x10 ./Drivers/STM32F0xx_HAL_Driver/Src/stm32f0xx_hal_tim.o
                0x0800295c                HAL_TIM_PeriodElapsedCallback
 .text.HAL_TIM_OC_DelayElapsedCallback
                0x0800296c       0x10 ./Drivers/STM32F0xx_HAL_Driver/Src/stm32f0xx_hal_tim.o
                0x0800296c                HAL_TIM_OC_DelayElapsedCallback
 .text.HAL_TIM_IC_CaptureCallback
                0x0800297c       0x10 ./Drivers/STM32F0xx_HAL_Driver/Src/stm32f0xx_hal_tim.o
                0x0800297c                HAL_TIM_IC_CaptureCallback
 .text.HAL_TIM_PWM_PulseFinishedCallback
                0x0800298c       0x10 ./Drivers/STM32F0xx_HAL_Driver/Src/stm32f0xx_hal_tim.o
                0x0800298c                HAL_TIM_PWM_PulseFinishedCallback
 .text.HAL_TIM_TriggerCallback
                0x0800299c       0x10 ./Drivers/STM32F0xx_HAL_Driver/Src/stm32f0xx_hal_tim.o
                0x0800299c                HAL_TIM_TriggerCallback
 .text.TIM_Base_SetConfig
                0x080029ac      0x11c ./Drivers/STM32F0xx_HAL_Driver/Src/stm32f0xx_hal_tim.o
                0x080029ac                TIM_Base_SetConfig
 .text.TIM_OC1_SetConfig
                0x08002ac8      0x110 ./Drivers/STM32F0xx_HAL_Driver/Src/stm32f0xx_hal_tim.o
 .text.TIM_OC2_SetConfig
                0x08002bd8      0x108 ./Drivers/STM32F0xx_HAL_Driver/Src/stm32f0xx_hal_tim.o
                0x08002bd8                TIM_OC2_SetConfig
 .text.TIM_OC3_SetConfig
                0x08002ce0      0x10c ./Drivers/STM32F0xx_HAL_Driver/Src/stm32f0xx_hal_tim.o
 .text.TIM_OC4_SetConfig
                0x08002dec       0xd4 ./Drivers/STM32F0xx_HAL_Driver/Src/stm32f0xx_hal_tim.o
 .text.TIM_TI1_ConfigInputStage
                0x08002ec0       0x5c ./Drivers/STM32F0xx_HAL_Driver/Src/stm32f0xx_hal_tim.o
 .text.TIM_TI2_ConfigInputStage
                0x08002f1c       0x64 ./Drivers/STM32F0xx_HAL_Driver/Src/stm32f0xx_hal_tim.o
 .text.TIM_ITRx_SetConfig
                0x08002f80       0x32 ./Drivers/STM32F0xx_HAL_Driver/Src/stm32f0xx_hal_tim.o
 *fill*         0x08002fb2        0x2 
 .text.TIM_ETR_SetConfig
                0x08002fb4       0x40 ./Drivers/STM32F0xx_HAL_Driver/Src/stm32f0xx_hal_tim.o
                0x08002fb4                TIM_ETR_SetConfig
 .text.HAL_TIMEx_MasterConfigSynchronization
                0x08002ff4       0xbc ./Drivers/STM32F0xx_HAL_Driver/Src/stm32f0xx_hal_tim_ex.o
                0x08002ff4                HAL_TIMEx_MasterConfigSynchronization
 .text.HAL_TIMEx_CommutCallback
                0x080030b0       0x10 ./Drivers/STM32F0xx_HAL_Driver/Src/stm32f0xx_hal_tim_ex.o
                0x080030b0                HAL_TIMEx_CommutCallback
 .text.HAL_TIMEx_BreakCallback
                0x080030c0       0x10 ./Drivers/STM32F0xx_HAL_Driver/Src/stm32f0xx_hal_tim_ex.o
                0x080030c0                HAL_TIMEx_BreakCallback
 .text.HAL_UART_Init
                0x080030d0       0xa8 ./Drivers/STM32F0xx_HAL_Driver/Src/stm32f0xx_hal_uart.o
                0x080030d0                HAL_UART_Init
 .text.HAL_UART_Transmit_DMA
                0x08003178      0x120 ./Drivers/STM32F0xx_HAL_Driver/Src/stm32f0xx_hal_uart.o
                0x08003178                HAL_UART_Transmit_DMA
 .text.HAL_UART_Receive_DMA
                0x08003298       0xae ./Drivers/STM32F0xx_HAL_Driver/Src/stm32f0xx_hal_uart.o
                0x08003298                HAL_UART_Receive_DMA
 .text.HAL_UART_DMAStop
                0x08003346      0x120 ./Drivers/STM32F0xx_HAL_Driver/Src/stm32f0xx_hal_uart.o
                0x08003346                HAL_UART_DMAStop
 *fill*         0x08003466        0x2 
 .text.HAL_UART_IRQHandler
                0x08003468      0x5c0 ./Drivers/STM32F0xx_HAL_Driver/Src/stm32f0xx_hal_uart.o
                0x08003468                HAL_UART_IRQHandler
 .text.HAL_UART_ErrorCallback
                0x08003a28       0x10 ./Drivers/STM32F0xx_HAL_Driver/Src/stm32f0xx_hal_uart.o
                0x08003a28                HAL_UART_ErrorCallback
 .text.HAL_UARTEx_RxEventCallback
                0x08003a38       0x16 ./Drivers/STM32F0xx_HAL_Driver/Src/stm32f0xx_hal_uart.o
                0x08003a38                HAL_UARTEx_RxEventCallback
 *fill*         0x08003a4e        0x2 
 .text.UART_SetConfig
                0x08003a50      0x310 ./Drivers/STM32F0xx_HAL_Driver/Src/stm32f0xx_hal_uart.o
                0x08003a50                UART_SetConfig
 .text.UART_AdvFeatureConfig
                0x08003d60      0x168 ./Drivers/STM32F0xx_HAL_Driver/Src/stm32f0xx_hal_uart.o
                0x08003d60                UART_AdvFeatureConfig
 .text.UART_CheckIdleState
                0x08003ec8      0x150 ./Drivers/STM32F0xx_HAL_Driver/Src/stm32f0xx_hal_uart.o
                0x08003ec8                UART_CheckIdleState
 .text.UART_WaitOnFlagUntilTimeout
                0x08004018       0xde ./Drivers/STM32F0xx_HAL_Driver/Src/stm32f0xx_hal_uart.o
                0x08004018                UART_WaitOnFlagUntilTimeout
 *fill*         0x080040f6        0x2 
 .text.UART_Start_Receive_DMA
                0x080040f8      0x140 ./Drivers/STM32F0xx_HAL_Driver/Src/stm32f0xx_hal_uart.o
                0x080040f8                UART_Start_Receive_DMA
 .text.UART_EndTxTransfer
                0x08004238       0x48 ./Drivers/STM32F0xx_HAL_Driver/Src/stm32f0xx_hal_uart.o
 .text.UART_EndRxTransfer
                0x08004280       0xc8 ./Drivers/STM32F0xx_HAL_Driver/Src/stm32f0xx_hal_uart.o
 .text.UART_DMATransmitCplt
                0x08004348       0x94 ./Drivers/STM32F0xx_HAL_Driver/Src/stm32f0xx_hal_uart.o
 .text.UART_DMATxHalfCplt
                0x080043dc       0x1e ./Drivers/STM32F0xx_HAL_Driver/Src/stm32f0xx_hal_uart.o
 *fill*         0x080043fa        0x2 
 .text.UART_DMAReceiveCplt
                0x080043fc      0x12c ./Drivers/STM32F0xx_HAL_Driver/Src/stm32f0xx_hal_uart.o
 .text.UART_DMARxHalfCplt
                0x08004528       0x42 ./Drivers/STM32F0xx_HAL_Driver/Src/stm32f0xx_hal_uart.o
 .text.UART_DMAError
                0x0800456a       0x84 ./Drivers/STM32F0xx_HAL_Driver/Src/stm32f0xx_hal_uart.o
 .text.UART_DMAAbortOnError
                0x080045ee       0x2e ./Drivers/STM32F0xx_HAL_Driver/Src/stm32f0xx_hal_uart.o
 .text.UART_EndTransmit_IT
                0x0800461c       0x56 ./Drivers/STM32F0xx_HAL_Driver/Src/stm32f0xx_hal_uart.o
 .text.HAL_UARTEx_WakeupCallback
                0x08004672       0x10 ./Drivers/STM32F0xx_HAL_Driver/Src/stm32f0xx_hal_uart_ex.o
                0x08004672                HAL_UARTEx_WakeupCallback
 .text.memset   0x08004682       0x10 C:/ST/STM32CubeIDE_1.16.0/STM32CubeIDE/plugins/com.st.stm32cube.ide.mcu.externaltools.gnu-tools-for-stm32.12.3.rel1.win32_1.0.200.202406191623/tools/bin/../lib/gcc/arm-none-eabi/12.3.1/../../../../arm-none-eabi/lib/thumb/v6-m/nofp\libc_nano.a(libc_a-memset.o)
                0x08004682                memset
 *fill*         0x08004692        0x2 
 .text.__libc_init_array
                0x08004694       0x48 C:/ST/STM32CubeIDE_1.16.0/STM32CubeIDE/plugins/com.st.stm32cube.ide.mcu.externaltools.gnu-tools-for-stm32.12.3.rel1.win32_1.0.200.202406191623/tools/bin/../lib/gcc/arm-none-eabi/12.3.1/../../../../arm-none-eabi/lib/thumb/v6-m/nofp\libc_nano.a(libc_a-init.o)
                0x08004694                __libc_init_array
 .text.memcpy   0x080046dc       0x12 C:/ST/STM32CubeIDE_1.16.0/STM32CubeIDE/plugins/com.st.stm32cube.ide.mcu.externaltools.gnu-tools-for-stm32.12.3.rel1.win32_1.0.200.202406191623/tools/bin/../lib/gcc/arm-none-eabi/12.3.1/../../../../arm-none-eabi/lib/thumb/v6-m/nofp\libc_nano.a(libc_a-memcpy-stub.o)
                0x080046dc                memcpy
 *(.glue_7)
 .glue_7        0x080046ee        0x0 linker stubs
 *(.glue_7t)
 .glue_7t       0x080046ee        0x0 linker stubs
 *(.eh_frame)
 *fill*         0x080046ee        0x2 
 .eh_frame      0x080046f0        0x0 C:/ST/STM32CubeIDE_1.16.0/STM32CubeIDE/plugins/com.st.stm32cube.ide.mcu.externaltools.gnu-tools-for-stm32.12.3.rel1.win32_1.0.200.202406191623/tools/bin/../lib/gcc/arm-none-eabi/12.3.1/thumb/v6-m/nofp/crtbegin.o
 *(.init)
 .init          0x080046f0        0x4 C:/ST/STM32CubeIDE_1.16.0/STM32CubeIDE/plugins/com.st.stm32cube.ide.mcu.externaltools.gnu-tools-for-stm32.12.3.rel1.win32_1.0.200.202406191623/tools/bin/../lib/gcc/arm-none-eabi/12.3.1/thumb/v6-m/nofp/crti.o
                0x080046f0                _init
 .init          0x080046f4        0x8 C:/ST/STM32CubeIDE_1.16.0/STM32CubeIDE/plugins/com.st.stm32cube.ide.mcu.externaltools.gnu-tools-for-stm32.12.3.rel1.win32_1.0.200.202406191623/tools/bin/../lib/gcc/arm-none-eabi/12.3.1/thumb/v6-m/nofp/crtn.o
 *(.fini)
 .fini          0x080046fc        0x4 C:/ST/STM32CubeIDE_1.16.0/STM32CubeIDE/plugins/com.st.stm32cube.ide.mcu.externaltools.gnu-tools-for-stm32.12.3.rel1.win32_1.0.200.202406191623/tools/bin/../lib/gcc/arm-none-eabi/12.3.1/thumb/v6-m/nofp/crti.o
                0x080046fc                _fini
 .fini          0x08004700        0x8 C:/ST/STM32CubeIDE_1.16.0/STM32CubeIDE/plugins/com.st.stm32cube.ide.mcu.externaltools.gnu-tools-for-stm32.12.3.rel1.win32_1.0.200.202406191623/tools/bin/../lib/gcc/arm-none-eabi/12.3.1/thumb/v6-m/nofp/crtn.o
                0x08004708                        . = ALIGN (0x4)
                0x08004708                        _etext = .

.vfp11_veneer   0x08004708        0x0
 .vfp11_veneer  0x08004708        0x0 linker stubs

.v4_bx          0x08004708        0x0
 .v4_bx         0x08004708        0x0 linker stubs

.iplt           0x08004708        0x0
 .iplt          0x08004708        0x0 C:/ST/STM32CubeIDE_1.16.0/STM32CubeIDE/plugins/com.st.stm32cube.ide.mcu.externaltools.gnu-tools-for-stm32.12.3.rel1.win32_1.0.200.202406191623/tools/bin/../lib/gcc/arm-none-eabi/12.3.1/thumb/v6-m/nofp/crtbegin.o

.rodata         0x08004708       0x38
                0x08004708                        . = ALIGN (0x4)
 *(.rodata)
 *(.rodata*)
 .rodata.AHBPrescTable
                0x08004708       0x10 ./Core/Src/system_stm32f0xx.o
                0x08004708                AHBPrescTable
 .rodata.APBPrescTable
                0x08004718        0x8 ./Core/Src/system_stm32f0xx.o
                0x08004718                APBPrescTable
 .rodata.aPLLMULFactorTable.1
                0x08004720       0x10 ./Drivers/STM32F0xx_HAL_Driver/Src/stm32f0xx_hal_rcc.o
 .rodata.aPredivFactorTable.0
                0x08004730       0x10 ./Drivers/STM32F0xx_HAL_Driver/Src/stm32f0xx_hal_rcc.o
                0x08004740                        . = ALIGN (0x4)

.ARM.extab      0x08004740        0x0
                0x08004740                        . = ALIGN (0x4)
 *(.ARM.extab* .gnu.linkonce.armextab.*)
                0x08004740                        . = ALIGN (0x4)

.ARM            0x08004740        0x0
                0x08004740                        . = ALIGN (0x4)
                0x08004740                        __exidx_start = .
 *(.ARM.exidx*)
                0x08004740                        __exidx_end = .
                0x08004740                        . = ALIGN (0x4)

.preinit_array  0x08004740        0x0
                0x08004740                        . = ALIGN (0x4)
                0x08004740                        PROVIDE (__preinit_array_start = .)
 *(.preinit_array*)
                0x08004740                        PROVIDE (__preinit_array_end = .)
                0x08004740                        . = ALIGN (0x4)

.init_array     0x08004740        0x4
                0x08004740                        . = ALIGN (0x4)
                0x08004740                        PROVIDE (__init_array_start = .)
 *(SORT_BY_NAME(.init_array.*))
 *(.init_array*)
 .init_array    0x08004740        0x4 C:/ST/STM32CubeIDE_1.16.0/STM32CubeIDE/plugins/com.st.stm32cube.ide.mcu.externaltools.gnu-tools-for-stm32.12.3.rel1.win32_1.0.200.202406191623/tools/bin/../lib/gcc/arm-none-eabi/12.3.1/thumb/v6-m/nofp/crtbegin.o
                0x08004744                        PROVIDE (__init_array_end = .)
                0x08004744                        . = ALIGN (0x4)

.fini_array     0x08004744        0x4
                0x08004744                        . = ALIGN (0x4)
                [!provide]                        PROVIDE (__fini_array_start = .)
 *(SORT_BY_NAME(.fini_array.*))
 *(.fini_array*)
 .fini_array    0x08004744        0x4 C:/ST/STM32CubeIDE_1.16.0/STM32CubeIDE/plugins/com.st.stm32cube.ide.mcu.externaltools.gnu-tools-for-stm32.12.3.rel1.win32_1.0.200.202406191623/tools/bin/../lib/gcc/arm-none-eabi/12.3.1/thumb/v6-m/nofp/crtbegin.o
                [!provide]                        PROVIDE (__fini_array_end = .)
                0x08004748                        . = ALIGN (0x4)
                0x08004748                        _sidata = LOADADDR (.data)

.rel.dyn        0x08004748        0x0
 .rel.iplt      0x08004748        0x0 C:/ST/STM32CubeIDE_1.16.0/STM32CubeIDE/plugins/com.st.stm32cube.ide.mcu.externaltools.gnu-tools-for-stm32.12.3.rel1.win32_1.0.200.202406191623/tools/bin/../lib/gcc/arm-none-eabi/12.3.1/thumb/v6-m/nofp/crtbegin.o

.data           0x20000000       0x10 load address 0x08004748
                0x20000000                        . = ALIGN (0x4)
                0x20000000                        _sdata = .
 *(.data)
 *(.data*)
 .data.SystemCoreClock
                0x20000000        0x4 ./Core/Src/system_stm32f0xx.o
                0x20000000                SystemCoreClock
 .data.is_tx_half_completed
                0x20000004        0x1 ./Core/Src/usart.o
                0x20000004                is_tx_half_completed
 *fill*         0x20000005        0x3 
 .data.uwTickPrio
                0x20000008        0x4 ./Drivers/STM32F0xx_HAL_Driver/Src/stm32f0xx_hal.o
                0x20000008                uwTickPrio
 .data.uwTickFreq
                0x2000000c        0x1 ./Drivers/STM32F0xx_HAL_Driver/Src/stm32f0xx_hal.o
                0x2000000c                uwTickFreq
 *(.RamFunc)
 *(.RamFunc*)
                0x20000010                        . = ALIGN (0x4)
 *fill*         0x2000000d        0x3 
                0x20000010                        _edata = .

.igot.plt       0x20000010        0x0 load address 0x08004758
 .igot.plt      0x20000010        0x0 C:/ST/STM32CubeIDE_1.16.0/STM32CubeIDE/plugins/com.st.stm32cube.ide.mcu.externaltools.gnu-tools-for-stm32.12.3.rel1.win32_1.0.200.202406191623/tools/bin/../lib/gcc/arm-none-eabi/12.3.1/thumb/v6-m/nofp/crtbegin.o
                0x20000010                        . = ALIGN (0x4)

.bss            0x20000010      0xbd0 load address 0x08004758
                0x20000010                        _sbss = .
                0x20000010                        __bss_start__ = _sbss
 *(.bss)
 .bss           0x20000010       0x1c C:/ST/STM32CubeIDE_1.16.0/STM32CubeIDE/plugins/com.st.stm32cube.ide.mcu.externaltools.gnu-tools-for-stm32.12.3.rel1.win32_1.0.200.202406191623/tools/bin/../lib/gcc/arm-none-eabi/12.3.1/thumb/v6-m/nofp/crtbegin.o
 *(.bss*)
 .bss.rx_dma    0x2000002c      0x100 ./Core/Src/main.o
                0x2000002c                rx_dma
 .bss.tx_dma    0x2000012c      0x100 ./Core/Src/main.o
                0x2000012c                tx_dma
 .bss.final_buff
                0x2000022c      0x400 ./Core/Src/main.o
                0x2000022c                final_buff
 .bss.start_buff
                0x2000062c      0x400 ./Core/Src/main.o
                0x2000062c                start_buff
 .bss.htim3     0x20000a2c       0x48 ./Core/Src/tim.o
                0x20000a2c                htim3
 .bss.htim16    0x20000a74       0x48 ./Core/Src/tim.o
                0x20000a74                htim16
 .bss.is_data_ready_to_be_read
                0x20000abc        0x1 ./Core/Src/usart.o
                0x20000abc                is_data_ready_to_be_read
 .bss.is_rx_full_completed
                0x20000abd        0x1 ./Core/Src/usart.o
                0x20000abd                is_rx_full_completed
 .bss.is_tx_completed
                0x20000abe        0x1 ./Core/Src/usart.o
                0x20000abe                is_tx_completed
 .bss.is_tx_full_completed
                0x20000abf        0x1 ./Core/Src/usart.o
                0x20000abf                is_tx_full_completed
 .bss.is_rx_half_completed
                0x20000ac0        0x1 ./Core/Src/usart.o
                0x20000ac0                is_rx_half_completed
 *fill*         0x20000ac1        0x3 
 .bss.huart1    0x20000ac4       0x88 ./Core/Src/usart.o
                0x20000ac4                huart1
 .bss.hdma_usart1_rx
                0x20000b4c       0x44 ./Core/Src/usart.o
                0x20000b4c                hdma_usart1_rx
 .bss.hdma_usart1_tx
                0x20000b90       0x44 ./Core/Src/usart.o
                0x20000b90                hdma_usart1_tx
 .bss.index_byte
                0x20000bd4        0x4 ./Core/Src/usart.o
                0x20000bd4                index_byte
 .bss.index_tx_byte
                0x20000bd8        0x4 ./Core/Src/usart.o
                0x20000bd8                index_tx_byte
 .bss.uwTick    0x20000bdc        0x4 ./Drivers/STM32F0xx_HAL_Driver/Src/stm32f0xx_hal.o
                0x20000bdc                uwTick
 *(COMMON)
                0x20000be0                        . = ALIGN (0x4)
                0x20000be0                        _ebss = .
                0x20000be0                        __bss_end__ = _ebss

._user_heap_stack
                0x20000be0      0x600 load address 0x08004758
                0x20000be0                        . = ALIGN (0x8)
                [!provide]                        PROVIDE (end = .)
                0x20000be0                        PROVIDE (_end = .)
                0x20000de0                        . = (. + _Min_Heap_Size)
 *fill*         0x20000be0      0x200 
                0x200011e0                        . = (. + _Min_Stack_Size)
 *fill*         0x20000de0      0x400 
                0x200011e0                        . = ALIGN (0x8)

/DISCARD/
 libc.a(*)
 libm.a(*)
 libgcc.a(*)

.ARM.attributes
                0x00000000       0x28
 *(.ARM.attributes)
 .ARM.attributes
                0x00000000       0x1e C:/ST/STM32CubeIDE_1.16.0/STM32CubeIDE/plugins/com.st.stm32cube.ide.mcu.externaltools.gnu-tools-for-stm32.12.3.rel1.win32_1.0.200.202406191623/tools/bin/../lib/gcc/arm-none-eabi/12.3.1/thumb/v6-m/nofp/crti.o
 .ARM.attributes
                0x0000001e       0x2c C:/ST/STM32CubeIDE_1.16.0/STM32CubeIDE/plugins/com.st.stm32cube.ide.mcu.externaltools.gnu-tools-for-stm32.12.3.rel1.win32_1.0.200.202406191623/tools/bin/../lib/gcc/arm-none-eabi/12.3.1/thumb/v6-m/nofp/crtbegin.o
 .ARM.attributes
                0x0000004a       0x2c ./Core/Src/dma.o
 .ARM.attributes
                0x00000076       0x2c ./Core/Src/gpio.o
 .ARM.attributes
                0x000000a2       0x2c ./Core/Src/main.o
 .ARM.attributes
                0x000000ce       0x2c ./Core/Src/stm32f0xx_hal_msp.o
 .ARM.attributes
                0x000000fa       0x2c ./Core/Src/stm32f0xx_it.o
 .ARM.attributes
                0x00000126       0x2c ./Core/Src/system_stm32f0xx.o
 .ARM.attributes
                0x00000152       0x2c ./Core/Src/tim.o
 .ARM.attributes
                0x0000017e       0x2c ./Core/Src/usart.o
 .ARM.attributes
                0x000001aa       0x21 ./Core/Startup/startup_stm32f072rbtx.o
 .ARM.attributes
                0x000001cb       0x2c ./Drivers/STM32F0xx_HAL_Driver/Src/stm32f0xx_hal.o
 .ARM.attributes
                0x000001f7       0x2c ./Drivers/STM32F0xx_HAL_Driver/Src/stm32f0xx_hal_cortex.o
 .ARM.attributes
                0x00000223       0x2c ./Drivers/STM32F0xx_HAL_Driver/Src/stm32f0xx_hal_dma.o
 .ARM.attributes
                0x0000024f       0x2c ./Drivers/STM32F0xx_HAL_Driver/Src/stm32f0xx_hal_gpio.o
 .ARM.attributes
                0x0000027b       0x2c ./Drivers/STM32F0xx_HAL_Driver/Src/stm32f0xx_hal_rcc.o
 .ARM.attributes
                0x000002a7       0x2c ./Drivers/STM32F0xx_HAL_Driver/Src/stm32f0xx_hal_rcc_ex.o
 .ARM.attributes
                0x000002d3       0x2c ./Drivers/STM32F0xx_HAL_Driver/Src/stm32f0xx_hal_tim.o
 .ARM.attributes
                0x000002ff       0x2c ./Drivers/STM32F0xx_HAL_Driver/Src/stm32f0xx_hal_tim_ex.o
 .ARM.attributes
                0x0000032b       0x2c ./Drivers/STM32F0xx_HAL_Driver/Src/stm32f0xx_hal_uart.o
 .ARM.attributes
                0x00000357       0x2c ./Drivers/STM32F0xx_HAL_Driver/Src/stm32f0xx_hal_uart_ex.o
 .ARM.attributes
                0x00000383       0x2c C:/ST/STM32CubeIDE_1.16.0/STM32CubeIDE/plugins/com.st.stm32cube.ide.mcu.externaltools.gnu-tools-for-stm32.12.3.rel1.win32_1.0.200.202406191623/tools/bin/../lib/gcc/arm-none-eabi/12.3.1/../../../../arm-none-eabi/lib/thumb/v6-m/nofp\libc_nano.a(libc_a-memset.o)
 .ARM.attributes
                0x000003af       0x2c C:/ST/STM32CubeIDE_1.16.0/STM32CubeIDE/plugins/com.st.stm32cube.ide.mcu.externaltools.gnu-tools-for-stm32.12.3.rel1.win32_1.0.200.202406191623/tools/bin/../lib/gcc/arm-none-eabi/12.3.1/../../../../arm-none-eabi/lib/thumb/v6-m/nofp\libc_nano.a(libc_a-init.o)
 .ARM.attributes
                0x000003db       0x2c C:/ST/STM32CubeIDE_1.16.0/STM32CubeIDE/plugins/com.st.stm32cube.ide.mcu.externaltools.gnu-tools-for-stm32.12.3.rel1.win32_1.0.200.202406191623/tools/bin/../lib/gcc/arm-none-eabi/12.3.1/../../../../arm-none-eabi/lib/thumb/v6-m/nofp\libc_nano.a(libc_a-memcpy-stub.o)
 .ARM.attributes
                0x00000407       0x1e C:/ST/STM32CubeIDE_1.16.0/STM32CubeIDE/plugins/com.st.stm32cube.ide.mcu.externaltools.gnu-tools-for-stm32.12.3.rel1.win32_1.0.200.202406191623/tools/bin/../lib/gcc/arm-none-eabi/12.3.1/thumb/v6-m/nofp\libgcc.a(_udivsi3.o)
 .ARM.attributes
                0x00000425       0x1e C:/ST/STM32CubeIDE_1.16.0/STM32CubeIDE/plugins/com.st.stm32cube.ide.mcu.externaltools.gnu-tools-for-stm32.12.3.rel1.win32_1.0.200.202406191623/tools/bin/../lib/gcc/arm-none-eabi/12.3.1/thumb/v6-m/nofp\libgcc.a(_dvmd_tls.o)
 .ARM.attributes
                0x00000443       0x1e C:/ST/STM32CubeIDE_1.16.0/STM32CubeIDE/plugins/com.st.stm32cube.ide.mcu.externaltools.gnu-tools-for-stm32.12.3.rel1.win32_1.0.200.202406191623/tools/bin/../lib/gcc/arm-none-eabi/12.3.1/thumb/v6-m/nofp/crtn.o
OUTPUT(uart_1.elf elf32-littlearm)
LOAD linker stubs
LOAD C:/ST/STM32CubeIDE_1.16.0/STM32CubeIDE/plugins/com.st.stm32cube.ide.mcu.externaltools.gnu-tools-for-stm32.12.3.rel1.win32_1.0.200.202406191623/tools/bin/../lib/gcc/arm-none-eabi/12.3.1/../../../../arm-none-eabi/lib/thumb/v6-m/nofp\libc.a
LOAD C:/ST/STM32CubeIDE_1.16.0/STM32CubeIDE/plugins/com.st.stm32cube.ide.mcu.externaltools.gnu-tools-for-stm32.12.3.rel1.win32_1.0.200.202406191623/tools/bin/../lib/gcc/arm-none-eabi/12.3.1/../../../../arm-none-eabi/lib/thumb/v6-m/nofp\libm.a
LOAD C:/ST/STM32CubeIDE_1.16.0/STM32CubeIDE/plugins/com.st.stm32cube.ide.mcu.externaltools.gnu-tools-for-stm32.12.3.rel1.win32_1.0.200.202406191623/tools/bin/../lib/gcc/arm-none-eabi/12.3.1/thumb/v6-m/nofp\libgcc.a

.debug_info     0x00000000     0xe28e
 .debug_info    0x00000000      0x2a3 ./Core/Src/dma.o
 .debug_info    0x000002a3      0x42e ./Core/Src/gpio.o
 .debug_info    0x000006d1      0x581 ./Core/Src/main.o
 .debug_info    0x00000c52      0x199 ./Core/Src/stm32f0xx_hal_msp.o
 .debug_info    0x00000deb      0xa7d ./Core/Src/stm32f0xx_it.o
 .debug_info    0x00001868      0x242 ./Core/Src/system_stm32f0xx.o
 .debug_info    0x00001aaa      0xc27 ./Core/Src/tim.o
 .debug_info    0x000026d1      0xe04 ./Core/Src/usart.o
 .debug_info    0x000034d5       0x30 ./Core/Startup/startup_stm32f072rbtx.o
 .debug_info    0x00003505      0x6c9 ./Drivers/STM32F0xx_HAL_Driver/Src/stm32f0xx_hal.o
 .debug_info    0x00003bce      0x6c5 ./Drivers/STM32F0xx_HAL_Driver/Src/stm32f0xx_hal_cortex.o
 .debug_info    0x00004293      0x6ea ./Drivers/STM32F0xx_HAL_Driver/Src/stm32f0xx_hal_dma.o
 .debug_info    0x0000497d      0x5a6 ./Drivers/STM32F0xx_HAL_Driver/Src/stm32f0xx_hal_gpio.o
 .debug_info    0x00004f23      0x83f ./Drivers/STM32F0xx_HAL_Driver/Src/stm32f0xx_hal_rcc.o
 .debug_info    0x00005762      0x61c ./Drivers/STM32F0xx_HAL_Driver/Src/stm32f0xx_hal_rcc_ex.o
 .debug_info    0x00005d7e     0x2950 ./Drivers/STM32F0xx_HAL_Driver/Src/stm32f0xx_hal_tim.o
 .debug_info    0x000086ce     0x1492 ./Drivers/STM32F0xx_HAL_Driver/Src/stm32f0xx_hal_tim_ex.o
 .debug_info    0x00009b60     0x3aa2 ./Drivers/STM32F0xx_HAL_Driver/Src/stm32f0xx_hal_uart.o
 .debug_info    0x0000d602      0xc8c ./Drivers/STM32F0xx_HAL_Driver/Src/stm32f0xx_hal_uart_ex.o

.debug_abbrev   0x00000000     0x2485
 .debug_abbrev  0x00000000       0xfc ./Core/Src/dma.o
 .debug_abbrev  0x000000fc      0x174 ./Core/Src/gpio.o
 .debug_abbrev  0x00000270      0x22b ./Core/Src/main.o
 .debug_abbrev  0x0000049b       0xc6 ./Core/Src/stm32f0xx_hal_msp.o
 .debug_abbrev  0x00000561      0x19b ./Core/Src/stm32f0xx_it.o
 .debug_abbrev  0x000006fc      0x11c ./Core/Src/system_stm32f0xx.o
 .debug_abbrev  0x00000818      0x25d ./Core/Src/tim.o
 .debug_abbrev  0x00000a75      0x2bb ./Core/Src/usart.o
 .debug_abbrev  0x00000d30       0x24 ./Core/Startup/startup_stm32f072rbtx.o
 .debug_abbrev  0x00000d54      0x213 ./Drivers/STM32F0xx_HAL_Driver/Src/stm32f0xx_hal.o
 .debug_abbrev  0x00000f67      0x28c ./Drivers/STM32F0xx_HAL_Driver/Src/stm32f0xx_hal_cortex.o
 .debug_abbrev  0x000011f3      0x224 ./Drivers/STM32F0xx_HAL_Driver/Src/stm32f0xx_hal_dma.o
 .debug_abbrev  0x00001417      0x1cb ./Drivers/STM32F0xx_HAL_Driver/Src/stm32f0xx_hal_gpio.o
 .debug_abbrev  0x000015e2      0x28c ./Drivers/STM32F0xx_HAL_Driver/Src/stm32f0xx_hal_rcc.o
 .debug_abbrev  0x0000186e      0x1a6 ./Drivers/STM32F0xx_HAL_Driver/Src/stm32f0xx_hal_rcc_ex.o
 .debug_abbrev  0x00001a14      0x278 ./Drivers/STM32F0xx_HAL_Driver/Src/stm32f0xx_hal_tim.o
 .debug_abbrev  0x00001c8c      0x283 ./Drivers/STM32F0xx_HAL_Driver/Src/stm32f0xx_hal_tim_ex.o
 .debug_abbrev  0x00001f0f      0x2cd ./Drivers/STM32F0xx_HAL_Driver/Src/stm32f0xx_hal_uart.o
 .debug_abbrev  0x000021dc      0x2a9 ./Drivers/STM32F0xx_HAL_Driver/Src/stm32f0xx_hal_uart_ex.o

.debug_aranges  0x00000000      0xd30
 .debug_aranges
                0x00000000       0x20 ./Core/Src/dma.o
 .debug_aranges
                0x00000020       0x20 ./Core/Src/gpio.o
 .debug_aranges
                0x00000040       0x30 ./Core/Src/main.o
 .debug_aranges
                0x00000070       0x20 ./Core/Src/stm32f0xx_hal_msp.o
 .debug_aranges
                0x00000090       0x68 ./Core/Src/stm32f0xx_it.o
 .debug_aranges
                0x000000f8       0x28 ./Core/Src/system_stm32f0xx.o
 .debug_aranges
                0x00000120       0x40 ./Core/Src/tim.o
 .debug_aranges
                0x00000160       0x70 ./Core/Src/usart.o
 .debug_aranges
                0x000001d0       0x28 ./Core/Startup/startup_stm32f072rbtx.o
 .debug_aranges
                0x000001f8       0xd0 ./Drivers/STM32F0xx_HAL_Driver/Src/stm32f0xx_hal.o
 .debug_aranges
                0x000002c8       0xc0 ./Drivers/STM32F0xx_HAL_Driver/Src/stm32f0xx_hal_cortex.o
 .debug_aranges
                0x00000388       0x88 ./Drivers/STM32F0xx_HAL_Driver/Src/stm32f0xx_hal_dma.o
 .debug_aranges
                0x00000410       0x58 ./Drivers/STM32F0xx_HAL_Driver/Src/stm32f0xx_hal_gpio.o
 .debug_aranges
                0x00000468       0x80 ./Drivers/STM32F0xx_HAL_Driver/Src/stm32f0xx_hal_rcc.o
 .debug_aranges
                0x000004e8       0x78 ./Drivers/STM32F0xx_HAL_Driver/Src/stm32f0xx_hal_rcc_ex.o
 .debug_aranges
                0x00000560      0x3d0 ./Drivers/STM32F0xx_HAL_Driver/Src/stm32f0xx_hal_tim.o
 .debug_aranges
                0x00000930      0x168 ./Drivers/STM32F0xx_HAL_Driver/Src/stm32f0xx_hal_tim_ex.o
 .debug_aranges
                0x00000a98      0x228 ./Drivers/STM32F0xx_HAL_Driver/Src/stm32f0xx_hal_uart.o
 .debug_aranges
                0x00000cc0       0x70 ./Drivers/STM32F0xx_HAL_Driver/Src/stm32f0xx_hal_uart_ex.o

.debug_rnglists
                0x00000000      0xa51
 .debug_rnglists
                0x00000000       0x13 ./Core/Src/dma.o
 .debug_rnglists
                0x00000013       0x14 ./Core/Src/gpio.o
 .debug_rnglists
                0x00000027       0x21 ./Core/Src/main.o
 .debug_rnglists
                0x00000048       0x13 ./Core/Src/stm32f0xx_hal_msp.o
 .debug_rnglists
                0x0000005b       0x49 ./Core/Src/stm32f0xx_it.o
 .debug_rnglists
                0x000000a4       0x1a ./Core/Src/system_stm32f0xx.o
 .debug_rnglists
                0x000000be       0x2e ./Core/Src/tim.o
 .debug_rnglists
                0x000000ec       0x53 ./Core/Src/usart.o
 .debug_rnglists
                0x0000013f       0x19 ./Core/Startup/startup_stm32f072rbtx.o
 .debug_rnglists
                0x00000158       0x97 ./Drivers/STM32F0xx_HAL_Driver/Src/stm32f0xx_hal.o
 .debug_rnglists
                0x000001ef       0x8c ./Drivers/STM32F0xx_HAL_Driver/Src/stm32f0xx_hal_cortex.o
 .debug_rnglists
                0x0000027b       0x6a ./Drivers/STM32F0xx_HAL_Driver/Src/stm32f0xx_hal_dma.o
 .debug_rnglists
                0x000002e5       0x3f ./Drivers/STM32F0xx_HAL_Driver/Src/stm32f0xx_hal_gpio.o
 .debug_rnglists
                0x00000324       0x61 ./Drivers/STM32F0xx_HAL_Driver/Src/stm32f0xx_hal_rcc.o
 .debug_rnglists
                0x00000385       0x5b ./Drivers/STM32F0xx_HAL_Driver/Src/stm32f0xx_hal_rcc_ex.o
 .debug_rnglists
                0x000003e0      0x31c ./Drivers/STM32F0xx_HAL_Driver/Src/stm32f0xx_hal_tim.o
 .debug_rnglists
                0x000006fc      0x126 ./Drivers/STM32F0xx_HAL_Driver/Src/stm32f0xx_hal_tim_ex.o
 .debug_rnglists
                0x00000822      0x1db ./Drivers/STM32F0xx_HAL_Driver/Src/stm32f0xx_hal_uart.o
 .debug_rnglists
                0x000009fd       0x54 ./Drivers/STM32F0xx_HAL_Driver/Src/stm32f0xx_hal_uart_ex.o

.debug_macro    0x00000000    0x1a6e6
 .debug_macro   0x00000000      0x1db ./Core/Src/dma.o
 .debug_macro   0x000001db      0xa8a ./Core/Src/dma.o
 .debug_macro   0x00000c65      0x133 ./Core/Src/dma.o
 .debug_macro   0x00000d98       0x2e ./Core/Src/dma.o
 .debug_macro   0x00000dc6       0x22 ./Core/Src/dma.o
 .debug_macro   0x00000de8       0x22 ./Core/Src/dma.o
 .debug_macro   0x00000e0a       0x8e ./Core/Src/dma.o
 .debug_macro   0x00000e98       0x51 ./Core/Src/dma.o
 .debug_macro   0x00000ee9      0x103 ./Core/Src/dma.o
 .debug_macro   0x00000fec       0x6a ./Core/Src/dma.o
 .debug_macro   0x00001056      0x1df ./Core/Src/dma.o
 .debug_macro   0x00001235       0x1c ./Core/Src/dma.o
 .debug_macro   0x00001251       0x22 ./Core/Src/dma.o
 .debug_macro   0x00001273       0xaf ./Core/Src/dma.o
 .debug_macro   0x00001322      0x391 ./Core/Src/dma.o
 .debug_macro   0x000016b3     0xfe73 ./Core/Src/dma.o
 .debug_macro   0x00011526       0x66 ./Core/Src/dma.o
 .debug_macro   0x0001158c     0x34da ./Core/Src/dma.o
 .debug_macro   0x00014a66      0x189 ./Core/Src/dma.o
 .debug_macro   0x00014bef       0x55 ./Core/Src/dma.o
 .debug_macro   0x00014c44      0x946 ./Core/Src/dma.o
 .debug_macro   0x0001558a      0x5f3 ./Core/Src/dma.o
 .debug_macro   0x00015b7d      0x1ae ./Core/Src/dma.o
 .debug_macro   0x00015d2b      0x1a7 ./Core/Src/dma.o
 .debug_macro   0x00015ed2      0x1a7 ./Core/Src/dma.o
 .debug_macro   0x00016079      0x22c ./Core/Src/dma.o
 .debug_macro   0x000162a5       0x34 ./Core/Src/dma.o
 .debug_macro   0x000162d9       0x43 ./Core/Src/dma.o
 .debug_macro   0x0001631c       0x28 ./Core/Src/dma.o
 .debug_macro   0x00016344       0xb0 ./Core/Src/dma.o
 .debug_macro   0x000163f4      0x217 ./Core/Src/dma.o
 .debug_macro   0x0001660b      0x22c ./Core/Src/dma.o
 .debug_macro   0x00016837       0x61 ./Core/Src/dma.o
 .debug_macro   0x00016898       0xa5 ./Core/Src/dma.o
 .debug_macro   0x0001693d       0x4c ./Core/Src/dma.o
 .debug_macro   0x00016989      0x16d ./Core/Src/dma.o
 .debug_macro   0x00016af6      0x8f4 ./Core/Src/dma.o
 .debug_macro   0x000173ea       0x28 ./Core/Src/dma.o
 .debug_macro   0x00017412      0x5ba ./Core/Src/dma.o
 .debug_macro   0x000179cc       0x44 ./Core/Src/dma.o
 .debug_macro   0x00017a10      0x130 ./Core/Src/dma.o
 .debug_macro   0x00017b40       0x28 ./Core/Src/dma.o
 .debug_macro   0x00017b68      0x1db ./Core/Src/gpio.o
 .debug_macro   0x00017d43      0x378 ./Core/Src/main.o
 .debug_macro   0x000180bb       0x22 ./Core/Src/main.o
 .debug_macro   0x000180dd       0x24 ./Core/Src/main.o
 .debug_macro   0x00018101       0x61 ./Core/Src/main.o
 .debug_macro   0x00018162       0x43 ./Core/Src/main.o
 .debug_macro   0x000181a5       0x34 ./Core/Src/main.o
 .debug_macro   0x000181d9       0x16 ./Core/Src/main.o
 .debug_macro   0x000181ef       0x35 ./Core/Src/main.o
 .debug_macro   0x00018224       0x16 ./Core/Src/main.o
 .debug_macro   0x0001823a       0x43 ./Core/Src/main.o
 .debug_macro   0x0001827d       0x34 ./Core/Src/main.o
 .debug_macro   0x000182b1       0x10 ./Core/Src/main.o
 .debug_macro   0x000182c1       0x58 ./Core/Src/main.o
 .debug_macro   0x00018319       0x8e ./Core/Src/main.o
 .debug_macro   0x000183a7       0x1c ./Core/Src/main.o
 .debug_macro   0x000183c3      0x177 ./Core/Src/main.o
 .debug_macro   0x0001853a      0x369 ./Core/Src/main.o
 .debug_macro   0x000188a3       0x16 ./Core/Src/main.o
 .debug_macro   0x000188b9       0x29 ./Core/Src/main.o
 .debug_macro   0x000188e2       0x16 ./Core/Src/main.o
 .debug_macro   0x000188f8       0x20 ./Core/Src/main.o
 .debug_macro   0x00018918       0x1c ./Core/Src/main.o
 .debug_macro   0x00018934       0x10 ./Core/Src/main.o
 .debug_macro   0x00018944       0x1c ./Core/Src/main.o
 .debug_macro   0x00018960       0x16 ./Core/Src/main.o
 .debug_macro   0x00018976      0x146 ./Core/Src/main.o
 .debug_macro   0x00018abc      0x1d1 ./Core/Src/stm32f0xx_hal_msp.o
 .debug_macro   0x00018c8d      0x1db ./Core/Src/stm32f0xx_it.o
 .debug_macro   0x00018e68      0x1c2 ./Core/Src/system_stm32f0xx.o
 .debug_macro   0x0001902a      0x1db ./Core/Src/tim.o
 .debug_macro   0x00019205      0x2e0 ./Core/Src/usart.o
 .debug_macro   0x000194e5      0x1e6 ./Drivers/STM32F0xx_HAL_Driver/Src/stm32f0xx_hal.o
 .debug_macro   0x000196cb      0x1c2 ./Drivers/STM32F0xx_HAL_Driver/Src/stm32f0xx_hal_cortex.o
 .debug_macro   0x0001988d      0x1c2 ./Drivers/STM32F0xx_HAL_Driver/Src/stm32f0xx_hal_dma.o
 .debug_macro   0x00019a4f      0x1c9 ./Drivers/STM32F0xx_HAL_Driver/Src/stm32f0xx_hal_gpio.o
 .debug_macro   0x00019c18      0x1d4 ./Drivers/STM32F0xx_HAL_Driver/Src/stm32f0xx_hal_rcc.o
 .debug_macro   0x00019dec      0x1d4 ./Drivers/STM32F0xx_HAL_Driver/Src/stm32f0xx_hal_rcc_ex.o
 .debug_macro   0x00019fc0      0x1c3 ./Drivers/STM32F0xx_HAL_Driver/Src/stm32f0xx_hal_tim.o
 .debug_macro   0x0001a183      0x1c2 ./Drivers/STM32F0xx_HAL_Driver/Src/stm32f0xx_hal_tim_ex.o
 .debug_macro   0x0001a345      0x1df ./Drivers/STM32F0xx_HAL_Driver/Src/stm32f0xx_hal_uart.o
 .debug_macro   0x0001a524      0x1c2 ./Drivers/STM32F0xx_HAL_Driver/Src/stm32f0xx_hal_uart_ex.o

.debug_line     0x00000000    0x116f1
 .debug_line    0x00000000      0x766 ./Core/Src/dma.o
 .debug_line    0x00000766      0x784 ./Core/Src/gpio.o
 .debug_line    0x00000eea      0x9e7 ./Core/Src/main.o
 .debug_line    0x000018d1      0x76b ./Core/Src/stm32f0xx_hal_msp.o
 .debug_line    0x0000203c      0x848 ./Core/Src/stm32f0xx_it.o
 .debug_line    0x00002884      0x7f2 ./Core/Src/system_stm32f0xx.o
 .debug_line    0x00003076      0x87f ./Core/Src/tim.o
 .debug_line    0x000038f5      0xb55 ./Core/Src/usart.o
 .debug_line    0x0000444a       0x7b ./Core/Startup/startup_stm32f072rbtx.o
 .debug_line    0x000044c5      0x9e5 ./Drivers/STM32F0xx_HAL_Driver/Src/stm32f0xx_hal.o
 .debug_line    0x00004eaa      0xa91 ./Drivers/STM32F0xx_HAL_Driver/Src/stm32f0xx_hal_cortex.o
 .debug_line    0x0000593b      0xd09 ./Drivers/STM32F0xx_HAL_Driver/Src/stm32f0xx_hal_dma.o
 .debug_line    0x00006644      0xb93 ./Drivers/STM32F0xx_HAL_Driver/Src/stm32f0xx_hal_gpio.o
 .debug_line    0x000071d7      0xe72 ./Drivers/STM32F0xx_HAL_Driver/Src/stm32f0xx_hal_rcc.o
 .debug_line    0x00008049      0xc8d ./Drivers/STM32F0xx_HAL_Driver/Src/stm32f0xx_hal_rcc_ex.o
 .debug_line    0x00008cd6     0x37bc ./Drivers/STM32F0xx_HAL_Driver/Src/stm32f0xx_hal_tim.o
 .debug_line    0x0000c492     0x1982 ./Drivers/STM32F0xx_HAL_Driver/Src/stm32f0xx_hal_tim_ex.o
 .debug_line    0x0000de14     0x2ce5 ./Drivers/STM32F0xx_HAL_Driver/Src/stm32f0xx_hal_uart.o
 .debug_line    0x00010af9      0xbf8 ./Drivers/STM32F0xx_HAL_Driver/Src/stm32f0xx_hal_uart_ex.o

.debug_str      0x00000000    0x98cd7
 .debug_str     0x00000000    0x91a07 ./Core/Src/dma.o
                              0x91d0d (size before relaxing)
 .debug_str     0x00091a07       0xe9 ./Core/Src/gpio.o
                              0x91ddb (size before relaxing)
 .debug_str     0x00091af0     0x3caf ./Core/Src/main.o
                              0x957fb (size before relaxing)
 .debug_str     0x0009579f       0x2c ./Core/Src/stm32f0xx_hal_msp.o
                              0x91af8 (size before relaxing)
 .debug_str     0x000957cb      0x76c ./Core/Src/stm32f0xx_it.o
                              0x922f1 (size before relaxing)
 .debug_str     0x00095f37       0x8b ./Core/Src/system_stm32f0xx.o
                              0x91ad9 (size before relaxing)
 .debug_str     0x00095fc2      0x1fe ./Core/Src/tim.o
                              0x924b7 (size before relaxing)
 .debug_str     0x000961c0      0x292 ./Core/Src/usart.o
                              0x9578e (size before relaxing)
 .debug_str     0x00096452       0x44 ./Core/Startup/startup_stm32f072rbtx.o
                                 0x63 (size before relaxing)
 .debug_str     0x00096496      0x37a ./Drivers/STM32F0xx_HAL_Driver/Src/stm32f0xx_hal.o
                              0x920cf (size before relaxing)
 .debug_str     0x00096810      0x197 ./Drivers/STM32F0xx_HAL_Driver/Src/stm32f0xx_hal_cortex.o
                              0x91ec0 (size before relaxing)
 .debug_str     0x000969a7      0x219 ./Drivers/STM32F0xx_HAL_Driver/Src/stm32f0xx_hal_dma.o
                              0x91e7f (size before relaxing)
 .debug_str     0x00096bc0       0xfa ./Drivers/STM32F0xx_HAL_Driver/Src/stm32f0xx_hal_gpio.o
                              0x91c7a (size before relaxing)
 .debug_str     0x00096cba      0x21a ./Drivers/STM32F0xx_HAL_Driver/Src/stm32f0xx_hal_rcc.o
                              0x91f20 (size before relaxing)
 .debug_str     0x00096ed4      0x2c7 ./Drivers/STM32F0xx_HAL_Driver/Src/stm32f0xx_hal_rcc_ex.o
                              0x91ed8 (size before relaxing)
 .debug_str     0x0009719b      0xd5e ./Drivers/STM32F0xx_HAL_Driver/Src/stm32f0xx_hal_tim.o
                              0x92eef (size before relaxing)
 .debug_str     0x00097ef9      0x493 ./Drivers/STM32F0xx_HAL_Driver/Src/stm32f0xx_hal_tim_ex.o
                              0x926fb (size before relaxing)
 .debug_str     0x0009838c      0x793 ./Drivers/STM32F0xx_HAL_Driver/Src/stm32f0xx_hal_uart.o
                              0x9283d (size before relaxing)
 .debug_str     0x00098b1f      0x1b8 ./Drivers/STM32F0xx_HAL_Driver/Src/stm32f0xx_hal_uart_ex.o
                              0x9216e (size before relaxing)

.comment        0x00000000       0x43
 .comment       0x00000000       0x43 ./Core/Src/dma.o
                                 0x44 (size before relaxing)
 .comment       0x00000043       0x44 ./Core/Src/gpio.o
 .comment       0x00000043       0x44 ./Core/Src/main.o
 .comment       0x00000043       0x44 ./Core/Src/stm32f0xx_hal_msp.o
 .comment       0x00000043       0x44 ./Core/Src/stm32f0xx_it.o
 .comment       0x00000043       0x44 ./Core/Src/system_stm32f0xx.o
 .comment       0x00000043       0x44 ./Core/Src/tim.o
 .comment       0x00000043       0x44 ./Core/Src/usart.o
 .comment       0x00000043       0x44 ./Drivers/STM32F0xx_HAL_Driver/Src/stm32f0xx_hal.o
 .comment       0x00000043       0x44 ./Drivers/STM32F0xx_HAL_Driver/Src/stm32f0xx_hal_cortex.o
 .comment       0x00000043       0x44 ./Drivers/STM32F0xx_HAL_Driver/Src/stm32f0xx_hal_dma.o
 .comment       0x00000043       0x44 ./Drivers/STM32F0xx_HAL_Driver/Src/stm32f0xx_hal_gpio.o
 .comment       0x00000043       0x44 ./Drivers/STM32F0xx_HAL_Driver/Src/stm32f0xx_hal_rcc.o
 .comment       0x00000043       0x44 ./Drivers/STM32F0xx_HAL_Driver/Src/stm32f0xx_hal_rcc_ex.o
 .comment       0x00000043       0x44 ./Drivers/STM32F0xx_HAL_Driver/Src/stm32f0xx_hal_tim.o
 .comment       0x00000043       0x44 ./Drivers/STM32F0xx_HAL_Driver/Src/stm32f0xx_hal_tim_ex.o
 .comment       0x00000043       0x44 ./Drivers/STM32F0xx_HAL_Driver/Src/stm32f0xx_hal_uart.o
 .comment       0x00000043       0x44 ./Drivers/STM32F0xx_HAL_Driver/Src/stm32f0xx_hal_uart_ex.o

.debug_frame    0x00000000     0x2e80
 .debug_frame   0x00000000       0x30 ./Core/Src/dma.o
 .debug_frame   0x00000030       0x30 ./Core/Src/gpio.o
 .debug_frame   0x00000060       0x6c ./Core/Src/main.o
 .debug_frame   0x000000cc       0x30 ./Core/Src/stm32f0xx_hal_msp.o
 .debug_frame   0x000000fc      0x128 ./Core/Src/stm32f0xx_it.o
 .debug_frame   0x00000224       0x4c ./Core/Src/system_stm32f0xx.o
 .debug_frame   0x00000270       0xac ./Core/Src/tim.o
 .debug_frame   0x0000031c      0x170 ./Core/Src/usart.o
 .debug_frame   0x0000048c      0x2a4 ./Drivers/STM32F0xx_HAL_Driver/Src/stm32f0xx_hal.o
 .debug_frame   0x00000730      0x2a0 ./Drivers/STM32F0xx_HAL_Driver/Src/stm32f0xx_hal_cortex.o
 .debug_frame   0x000009d0      0x1d0 ./Drivers/STM32F0xx_HAL_Driver/Src/stm32f0xx_hal_dma.o
 .debug_frame   0x00000ba0      0x110 ./Drivers/STM32F0xx_HAL_Driver/Src/stm32f0xx_hal_gpio.o
 .debug_frame   0x00000cb0      0x198 ./Drivers/STM32F0xx_HAL_Driver/Src/stm32f0xx_hal_rcc.o
 .debug_frame   0x00000e48      0x180 ./Drivers/STM32F0xx_HAL_Driver/Src/stm32f0xx_hal_rcc_ex.o
 .debug_frame   0x00000fc8      0xf00 ./Drivers/STM32F0xx_HAL_Driver/Src/stm32f0xx_hal_tim.o
 .debug_frame   0x00001ec8      0x560 ./Drivers/STM32F0xx_HAL_Driver/Src/stm32f0xx_hal_tim_ex.o
 .debug_frame   0x00002428      0x850 ./Drivers/STM32F0xx_HAL_Driver/Src/stm32f0xx_hal_uart.o
 .debug_frame   0x00002c78      0x174 ./Drivers/STM32F0xx_HAL_Driver/Src/stm32f0xx_hal_uart_ex.o
 .debug_frame   0x00002dec       0x20 C:/ST/STM32CubeIDE_1.16.0/STM32CubeIDE/plugins/com.st.stm32cube.ide.mcu.externaltools.gnu-tools-for-stm32.12.3.rel1.win32_1.0.200.202406191623/tools/bin/../lib/gcc/arm-none-eabi/12.3.1/../../../../arm-none-eabi/lib/thumb/v6-m/nofp\libc_nano.a(libc_a-memset.o)
 .debug_frame   0x00002e0c       0x2c C:/ST/STM32CubeIDE_1.16.0/STM32CubeIDE/plugins/com.st.stm32cube.ide.mcu.externaltools.gnu-tools-for-stm32.12.3.rel1.win32_1.0.200.202406191623/tools/bin/../lib/gcc/arm-none-eabi/12.3.1/../../../../arm-none-eabi/lib/thumb/v6-m/nofp\libc_nano.a(libc_a-init.o)
 .debug_frame   0x00002e38       0x28 C:/ST/STM32CubeIDE_1.16.0/STM32CubeIDE/plugins/com.st.stm32cube.ide.mcu.externaltools.gnu-tools-for-stm32.12.3.rel1.win32_1.0.200.202406191623/tools/bin/../lib/gcc/arm-none-eabi/12.3.1/../../../../arm-none-eabi/lib/thumb/v6-m/nofp\libc_nano.a(libc_a-memcpy-stub.o)
 .debug_frame   0x00002e60       0x20 C:/ST/STM32CubeIDE_1.16.0/STM32CubeIDE/plugins/com.st.stm32cube.ide.mcu.externaltools.gnu-tools-for-stm32.12.3.rel1.win32_1.0.200.202406191623/tools/bin/../lib/gcc/arm-none-eabi/12.3.1/thumb/v6-m/nofp\libgcc.a(_udivsi3.o)

.debug_line_str
                0x00000000       0x47
 .debug_line_str
                0x00000000       0x47 ./Core/Startup/startup_stm32f072rbtx.o
